Archive member included to satisfy reference by file (symbol)

C:/Program Files (x86)/SEGGER/SEGGER Embedded Studio for ARM 4.18/lib/libc_v7em_t_le_eabi.a(libc2.o)
                              Output/FirstProject Debug/Obj/SEGGER_RTT_Syscalls_SES.o (vsnprintf)
C:/Program Files (x86)/SEGGER/SEGGER Embedded Studio for ARM 4.18/lib/libc_v7em_t_le_eabi.a(libc2_asm.o)
                              Output/FirstProject Debug/Obj/SEGGER_RTT.o (memcpy)
C:/Program Files (x86)/SEGGER/SEGGER Embedded Studio for ARM 4.18/lib/libc_v7em_t_le_eabi.a(libc.o)
                              C:/Program Files (x86)/SEGGER/SEGGER Embedded Studio for ARM 4.18/lib/libc_v7em_t_le_eabi.a(libc2.o) (__heap_lock)
C:/Program Files (x86)/SEGGER/SEGGER Embedded Studio for ARM 4.18/lib/libc_v7em_t_le_eabi.a(libc_asm.o)
                              C:/Program Files (x86)/SEGGER/SEGGER Embedded Studio for ARM 4.18/lib/libc_v7em_t_le_eabi.a(libc2.o) (__aeabi_uldivmod)
C:/Program Files (x86)/SEGGER/SEGGER Embedded Studio for ARM 4.18/lib/libm_v7em_t_le_eabi.a(libm_asm.o)
                              C:/Program Files (x86)/SEGGER/SEGGER Embedded Studio for ARM 4.18/lib/libc_v7em_t_le_eabi.a(libc2.o) (__aeabi_i2f)
C:/Program Files (x86)/SEGGER/SEGGER Embedded Studio for ARM 4.18/lib/libm_v7em_t_le_eabi.a(libm2.o)
                              C:/Program Files (x86)/SEGGER/SEGGER Embedded Studio for ARM 4.18/lib/libvfprintf_v7em_t_le_eabi.o (frexp)
C:/Program Files (x86)/SEGGER/SEGGER Embedded Studio for ARM 4.18/lib/libm_v7em_t_le_eabi.a(libm2_asm.o)
                              C:/Program Files (x86)/SEGGER/SEGGER Embedded Studio for ARM 4.18/lib/libm_v7em_t_le_eabi.a(libm2.o) (fabs)

Discarded input sections

 .group         0x00000000        0xc Output/FirstProject Debug/Obj/main.o
 .group         0x00000000        0xc Output/FirstProject Debug/Obj/main.o
 .group         0x00000000        0xc Output/FirstProject Debug/Obj/main.o
 .group         0x00000000        0xc Output/FirstProject Debug/Obj/main.o
 .group         0x00000000        0xc Output/FirstProject Debug/Obj/main.o
 .group         0x00000000        0xc Output/FirstProject Debug/Obj/main.o
 .group         0x00000000        0xc Output/FirstProject Debug/Obj/main.o
 .group         0x00000000        0xc Output/FirstProject Debug/Obj/main.o
 .group         0x00000000        0xc Output/FirstProject Debug/Obj/main.o
 .group         0x00000000        0xc Output/FirstProject Debug/Obj/main.o
 .group         0x00000000        0xc Output/FirstProject Debug/Obj/main.o
 .group         0x00000000        0xc Output/FirstProject Debug/Obj/main.o
 .group         0x00000000        0xc Output/FirstProject Debug/Obj/main.o
 .group         0x00000000        0xc Output/FirstProject Debug/Obj/main.o
 .group         0x00000000        0xc Output/FirstProject Debug/Obj/main.o
 .group         0x00000000        0xc Output/FirstProject Debug/Obj/main.o
 .group         0x00000000        0xc Output/FirstProject Debug/Obj/main.o
 .group         0x00000000        0xc Output/FirstProject Debug/Obj/main.o
 .group         0x00000000        0xc Output/FirstProject Debug/Obj/main.o
 .group         0x00000000        0xc Output/FirstProject Debug/Obj/main.o
 .group         0x00000000        0xc Output/FirstProject Debug/Obj/main.o
 .group         0x00000000        0xc Output/FirstProject Debug/Obj/main.o
 .group         0x00000000        0xc Output/FirstProject Debug/Obj/main.o
 .group         0x00000000        0xc Output/FirstProject Debug/Obj/main.o
 .group         0x00000000        0xc Output/FirstProject Debug/Obj/main.o
 .group         0x00000000        0xc Output/FirstProject Debug/Obj/main.o
 .group         0x00000000        0xc Output/FirstProject Debug/Obj/main.o
 .group         0x00000000        0xc Output/FirstProject Debug/Obj/main.o
 .group         0x00000000        0xc Output/FirstProject Debug/Obj/main.o
 .group         0x00000000        0xc Output/FirstProject Debug/Obj/main.o
 .group         0x00000000        0xc Output/FirstProject Debug/Obj/main.o
 .group         0x00000000        0xc Output/FirstProject Debug/Obj/main.o
 .group         0x00000000        0xc Output/FirstProject Debug/Obj/main.o
 .group         0x00000000        0xc Output/FirstProject Debug/Obj/main.o
 .group         0x00000000        0xc Output/FirstProject Debug/Obj/main.o
 .group         0x00000000        0xc Output/FirstProject Debug/Obj/main.o
 .group         0x00000000        0xc Output/FirstProject Debug/Obj/main.o
 .group         0x00000000        0xc Output/FirstProject Debug/Obj/main.o
 .group         0x00000000        0xc Output/FirstProject Debug/Obj/main.o
 .group         0x00000000        0xc Output/FirstProject Debug/Obj/main.o
 .group         0x00000000        0xc Output/FirstProject Debug/Obj/main.o
 .group         0x00000000        0xc Output/FirstProject Debug/Obj/main.o
 .group         0x00000000        0xc Output/FirstProject Debug/Obj/main.o
[...]
Memory Configuration

Name             Origin             Length             Attributes
rom              0x00400000         0x00200000         xr
ram              0x20400000         0x00060000         xrw
*default*        0x00000000         0xffffffff

Linker script and memory map

                0x0040205c                __vfprintf = __vfprintf_int_nwp
                0x00000000                __vfscanf = __vfscanf_int
                0x00002000                STACK_SIZE = DEFINED (STACK_SIZE)?STACK_SIZE:0x2000
                0x2045fffc                __ram_end__ = ((ORIGIN (ram) + LENGTH (ram)) - 0x4)
                0x00000200                HEAP_SIZE = DEFINED (HEAP_SIZE)?HEAP_SIZE:0x200

.text           0x00400000     0x26c4
                0x00400000                . = ALIGN (0x4)
                0x00400000                _sfixed = .
 *(.vectors .vectors.*)
 .vectors       0x00400000      0x168 Output/FirstProject Debug/Obj/startup_samv71.o
                0x00400000                exception_table
 *(.text .text.* .gnu.linkonce.t.*)
 .text.__NVIC_EnableIRQ
                0x00400168       0x34 Output/FirstProject Debug/Obj/main.o
 .text.__NVIC_SetPriority
                0x0040019c       0x50 Output/FirstProject Debug/Obj/main.o
 .text.SysTick_Config
                0x004001ec       0x40 Output/FirstProject Debug/Obj/main.o
 .text.osc_get_rate
                0x0040022c       0x6c Output/FirstProject Debug/Obj/main.o
 .text.sysclk_get_main_hz
                0x00400298       0x18 Output/FirstProject Debug/Obj/main.o
 .text.sysclk_get_cpu_hz
                0x004002b0        0xc Output/FirstProject Debug/Obj/main.o
 .text.ioport_set_pin_mode
                0x004002bc      0x114 Output/FirstProject Debug/Obj/main.o
 .text.ioport_set_pin_dir
                0x004003d0       0x84 Output/FirstProject Debug/Obj/main.o
 .text.ioport_set_pin_level
                0x00400454       0x68 Output/FirstProject Debug/Obj/main.o
 .text.ioport_toggle_pin_level
                0x004004bc       0x64 Output/FirstProject Debug/Obj/main.o
 .text.ioport_set_pin_sense_mode
                0x00400520       0xcc Output/FirstProject Debug/Obj/main.o
 .text.ProcessButtonEvt
                0x004005ec       0xac Output/FirstProject Debug/Obj/main.o
 .text.SysTick_Handler
                0x00400698       0x14 Output/FirstProject Debug/Obj/main.o
                0x00400698                SysTick_Handler
 .text.Button1_Handler
                0x004006ac       0x24 Output/FirstProject Debug/Obj/main.o
 .text.Button2_Handler
                0x004006d0       0x24 Output/FirstProject Debug/Obj/main.o
 .text.configure_buttons
                0x004006f4       0x98 Output/FirstProject Debug/Obj/main.o
 .text.TC0_Handler
                0x0040078c       0x30 Output/FirstProject Debug/Obj/main.o
                0x0040078c                TC0_Handler
 .text.configure_tc
                0x004007bc       0x78 Output/FirstProject Debug/Obj/main.o
 .text.mdelay   0x00400834       0x24 Output/FirstProject Debug/Obj/main.o
 .text.main     0x00400858       0xf0 Output/FirstProject Debug/Obj/main.o
                0x00400858                main
 .text.osc_enable
                0x00400948       0x7c Output/FirstProject Debug/Obj/sysclk.o
 .text.osc_is_ready
                0x004009c4       0x68 Output/FirstProject Debug/Obj/sysclk.o
 .text.osc_get_rate
                0x00400a2c       0x6c Output/FirstProject Debug/Obj/sysclk.o
 .text.osc_wait_ready
                0x00400a98       0x2a Output/FirstProject Debug/Obj/sysclk.o
 *fill*         0x00400ac2        0x2 
 .text.pll_config_init
                0x00400ac4       0x68 Output/FirstProject Debug/Obj/sysclk.o
 .text.pll_enable
                0x00400b2c       0x38 Output/FirstProject Debug/Obj/sysclk.o
 .text.pll_is_locked
                0x00400b64       0x22 Output/FirstProject Debug/Obj/sysclk.o
 .text.pll_enable_source
                0x00400b86       0x34 Output/FirstProject Debug/Obj/sysclk.o
 .text.pll_wait_for_lock
                0x00400bba       0x1e Output/FirstProject Debug/Obj/sysclk.o
 .text.sysclk_get_main_hz
                0x00400bd8       0x18 Output/FirstProject Debug/Obj/sysclk.o
 .text.sysclk_get_cpu_hz
                0x00400bf0        0xc Output/FirstProject Debug/Obj/sysclk.o
 .text.sysclk_init
                0x00400bfc       0x58 Output/FirstProject Debug/Obj/sysclk.o
                0x00400bfc                sysclk_init
 .text.SCB_EnableICache
                0x00400c54       0x34 Output/FirstProject Debug/Obj/init.o
 .text.SCB_EnableDCache
                0x00400c88       0x78 Output/FirstProject Debug/Obj/init.o
 .text.sysclk_enable_peripheral_clock
                0x00400d00       0x14 Output/FirstProject Debug/Obj/init.o
 .text.ioport_init
                0x00400d14       0x24 Output/FirstProject Debug/Obj/init.o
 .text.ioport_disable_pin
                0x00400d38       0x40 Output/FirstProject Debug/Obj/init.o
 .text.ioport_set_pin_mode
                0x00400d78      0x114 Output/FirstProject Debug/Obj/init.o
 .text.ioport_set_pin_dir
                0x00400e8c       0x84 Output/FirstProject Debug/Obj/init.o
 .text.ioport_set_pin_level
                0x00400f10       0x68 Output/FirstProject Debug/Obj/init.o
 .text.ioport_set_pin_sense_mode
                0x00400f78       0xcc Output/FirstProject Debug/Obj/init.o
 .text.tcm_disable
                0x00401044       0x38 Output/FirstProject Debug/Obj/init.o
 .text.board_init
                0x0040107c       0xa4 Output/FirstProject Debug/Obj/init.o
                0x0040107c                board_init
 .text.matrix_set_system_io
                0x00401120       0x38 Output/FirstProject Debug/Obj/matrix.o
                0x00401120                matrix_set_system_io
 .text.matrix_get_system_io
                0x00401158       0x18 Output/FirstProject Debug/Obj/matrix.o
                0x00401158                matrix_get_system_io
 .text.pio_set_debounce_filter
                0x00401170       0x2e Output/FirstProject Debug/Obj/pio.o
                0x00401170                pio_set_debounce_filter
 .text.pio_configure_interrupt
                0x0040119e       0x62 Output/FirstProject Debug/Obj/pio.o
                0x0040119e                pio_configure_interrupt
 .text.pio_enable_interrupt
                0x00401200       0x12 Output/FirstProject Debug/Obj/pio.o
                0x00401200                pio_enable_interrupt
 .text.pio_disable_interrupt
                0x00401212       0x12 Output/FirstProject Debug/Obj/pio.o
                0x00401212                pio_disable_interrupt
 .text.pio_get_interrupt_status
                0x00401224        0xe Output/FirstProject Debug/Obj/pio.o
                0x00401224                pio_get_interrupt_status
 .text.pio_get_interrupt_mask
                0x00401232        0xe Output/FirstProject Debug/Obj/pio.o
                0x00401232                pio_get_interrupt_mask
 .text.__NVIC_EnableIRQ
                0x00401240       0x34 Output/FirstProject Debug/Obj/pio_handler.o
 .text.__NVIC_DisableIRQ
                0x00401274       0x40 Output/FirstProject Debug/Obj/pio_handler.o
 .text.__NVIC_ClearPendingIRQ
                0x004012b4       0x38 Output/FirstProject Debug/Obj/pio_handler.o
 .text.__NVIC_SetPriority
                0x004012ec       0x50 Output/FirstProject Debug/Obj/pio_handler.o
 .text.pio_handler_process
                0x0040133c       0xac Output/FirstProject Debug/Obj/pio_handler.o
                0x0040133c                pio_handler_process
 .text.pio_handler_set
                0x004013e8       0xa8 Output/FirstProject Debug/Obj/pio_handler.o
                0x004013e8                pio_handler_set
 .text.PIOA_Handler
                0x00401490       0x14 Output/FirstProject Debug/Obj/pio_handler.o
                0x00401490                PIOA_Handler
 .text.PIOB_Handler
                0x004014a4       0x14 Output/FirstProject Debug/Obj/pio_handler.o
                0x004014a4                PIOB_Handler
 .text.PIOC_Handler
                0x004014b8       0x14 Output/FirstProject Debug/Obj/pio_handler.o
                0x004014b8                PIOC_Handler
 .text.PIOD_Handler
                0x004014cc       0x14 Output/FirstProject Debug/Obj/pio_handler.o
                0x004014cc                PIOD_Handler
 .text.PIOE_Handler
                0x004014e0       0x14 Output/FirstProject Debug/Obj/pio_handler.o
                0x004014e0                PIOE_Handler
 .text.pio_handler_set_priority
                0x004014f4       0x64 Output/FirstProject Debug/Obj/pio_handler.o
                0x004014f4                pio_handler_set_priority
 .text.pmc_mck_set_division
                0x00401558       0x70 Output/FirstProject Debug/Obj/pmc.o
                0x00401558                pmc_mck_set_division
 .text.pmc_switch_mck_to_pllack
                0x004015c8       0x78 Output/FirstProject Debug/Obj/pmc.o
                0x004015c8                pmc_switch_mck_to_pllack
 .text.pmc_switch_sclk_to_32kxtal
                0x00401640       0x30 Output/FirstProject Debug/Obj/pmc.o
                0x00401640                pmc_switch_sclk_to_32kxtal
 .text.pmc_osc_is_ready_32kxtal
                0x00401670       0x2c Output/FirstProject Debug/Obj/pmc.o
                0x00401670                pmc_osc_is_ready_32kxtal
 .text.pmc_switch_mainck_to_fastrc
                0x0040169c       0x68 Output/FirstProject Debug/Obj/pmc.o
                0x0040169c                pmc_switch_mainck_to_fastrc
 .text.pmc_switch_mainck_to_xtal
                0x00401704       0x70 Output/FirstProject Debug/Obj/pmc.o
                0x00401704                pmc_switch_mainck_to_xtal
 .text.pmc_osc_is_ready_mainck
                0x00401774       0x10 Output/FirstProject Debug/Obj/pmc.o
                0x00401774                pmc_osc_is_ready_mainck
 .text.pmc_disable_pllack
                0x00401784       0x10 Output/FirstProject Debug/Obj/pmc.o
                0x00401784                pmc_disable_pllack
 .text.pmc_is_locked_pllack
                0x00401794       0x10 Output/FirstProject Debug/Obj/pmc.o
                0x00401794                pmc_is_locked_pllack
 .text.pmc_is_locked_upll
                0x004017a4       0x10 Output/FirstProject Debug/Obj/pmc.o
                0x004017a4                pmc_is_locked_upll
 .text.pmc_enable_periph_clk
                0x004017b4       0x30 Output/FirstProject Debug/Obj/pmc.o
                0x004017b4                pmc_enable_periph_clk
 .text.tc_init  0x004017e4       0x30 Output/FirstProject Debug/Obj/tc.o
                0x004017e4                tc_init
 .text.tc_start
                0x00401814       0x18 Output/FirstProject Debug/Obj/tc.o
                0x00401814                tc_start
 .text.tc_stop  0x0040182c       0x18 Output/FirstProject Debug/Obj/tc.o
                0x0040182c                tc_stop
 .text.tc_write_rc
                0x00401844       0x1c Output/FirstProject Debug/Obj/tc.o
                0x00401844                tc_write_rc
 .text.tc_enable_interrupt
                0x00401860       0x1e Output/FirstProject Debug/Obj/tc.o
                0x00401860                tc_enable_interrupt
 .text.tc_get_status
                0x0040187e       0x1a Output/FirstProject Debug/Obj/tc.o
                0x0040187e                tc_get_status
 .text.tc_find_mck_divisor
                0x00401898       0x98 Output/FirstProject Debug/Obj/tc.o
                0x00401898                tc_find_mck_divisor
 .text.Reset_Handler
                0x00401930       0x78 Output/FirstProject Debug/Obj/startup_samv71.o
                0x00401930                Reset_Handler
 .text.Dummy_Handler
                0x004019a8        0x2 Output/FirstProject Debug/Obj/startup_samv71.o
                0x004019a8                DACC_Handler
                0x004019a8                DebugMon_Handler
                0x004019a8                UART3_Handler
                0x004019a8                UART2_Handler
                0x004019a8                TRNG_Handler
                0x004019a8                HardFault_Handler
                0x004019a8                TC2_Handler
                0x004019a8                AFEC1_Handler
                0x004019a8                PendSV_Handler
                0x004019a8                NMI_Handler
                0x004019a8                TC7_Handler
                0x004019a8                QSPI_Handler
                0x004019a8                ISI_Handler
                0x004019a8                MCAN0_INT0_Handler
                0x004019a8                TC9_Handler
                0x004019a8                RSWDT_Handler
                0x004019a8                USART0_Handler
                0x004019a8                RTT_Handler
                0x004019a8                USBHS_Handler
                0x004019a8                IXC_Handler
                0x004019a8                CCF_Handler
                0x004019a8                RTC_Handler
                0x004019a8                UsageFault_Handler
                0x004019a8                TC6_Handler
                0x004019a8                WDT_Handler
                0x004019a8                MCAN1_INT1_Handler
                0x004019a8                TC4_Handler
                0x004019a8                TC1_Handler
                0x004019a8                HSMCI_Handler
                0x004019a8                UART1_Handler
                0x004019a8                TC3_Handler
                0x004019a8                Dummy_Handler
                0x004019a8                TWIHS1_Handler
                0x004019a8                XDMAC_Handler
                0x004019a8                UART4_Handler
                0x004019a8                PWM1_Handler
                0x004019a8                USART1_Handler
                0x004019a8                PWM0_Handler
                0x004019a8                AFEC0_Handler
                0x004019a8                CCW_Handler
                0x004019a8                TC11_Handler
                0x004019a8                SSC_Handler
                0x004019a8                ACC_Handler
                0x004019a8                PMC_Handler
                0x004019a8                GMAC_Handler
                0x004019a8                MCAN0_INT1_Handler
                0x004019a8                GMAC_Q5_Handler
                0x004019a8                MemManage_Handler
                0x004019a8                SUPC_Handler
                0x004019a8                SVC_Handler
                0x004019a8                TC8_Handler
                0x004019a8                MCAN1_INT0_Handler
                0x004019a8                EFC_Handler
                0x004019a8                GMAC_Q1_Handler
                0x004019a8                USART2_Handler
                0x004019a8                SDRAMC_Handler
                0x004019a8                GMAC_Q2_Handler
                0x004019a8                SPI1_Handler
                0x004019a8                TC10_Handler
                0x004019a8                GMAC_Q3_Handler
                0x004019a8                TWIHS2_Handler
                0x004019a8                MLB_Handler
                0x004019a8                I2SC0_Handler
                0x004019a8                UART0_Handler
                0x004019a8                I2SC1_Handler
                0x004019a8                GMAC_Q4_Handler
                0x004019a8                FPU_Handler
                0x004019a8                BusFault_Handler
                0x004019a8                RSTC_Handler
                0x004019a8                TC5_Handler
                0x004019a8                AES_Handler
                0x004019a8                ICM_Handler
                0x004019a8                TWIHS0_Handler
                0x004019a8                SPI0_Handler
 *fill*         0x004019aa        0x2 
 .text.SystemCoreClockUpdate
                0x004019ac      0x154 Output/FirstProject Debug/Obj/system_samv71.o
                0x004019ac                SystemCoreClockUpdate
 .text.system_init_flash
                0x00401b00       0xa4 Output/FirstProject Debug/Obj/system_samv71.o
                0x00401b00                system_init_flash
 .text._DoInit  0x00401ba4       0x9c Output/FirstProject Debug/Obj/SEGGER_RTT.o
 .text._WriteBlocking
                0x00401c40       0xb2 Output/FirstProject Debug/Obj/SEGGER_RTT.o
 .text._WriteNoCheck
                0x00401cf2       0x7e Output/FirstProject Debug/Obj/SEGGER_RTT.o
 .text._GetAvailWriteSpace
                0x00401d70       0x3c Output/FirstProject Debug/Obj/SEGGER_RTT.o
 .text.SEGGER_RTT_WriteNoLock
                0x00401dac       0x9c Output/FirstProject Debug/Obj/SEGGER_RTT.o
                0x00401dac                SEGGER_RTT_WriteNoLock
 .text.SEGGER_RTT_Write
                0x00401e48       0x44 Output/FirstProject Debug/Obj/SEGGER_RTT.o
                0x00401e48                SEGGER_RTT_Write
 .text.SEGGER_RTT_WriteString
                0x00401e8c       0x24 Output/FirstProject Debug/Obj/SEGGER_RTT.o
                0x00401e8c                SEGGER_RTT_WriteString
 .text.printf   0x00401eb0       0x4c Output/FirstProject Debug/Obj/SEGGER_RTT_Syscalls_SES.o
                0x00401eb0                printf
 .text.puts     0x00401efc       0x18 Output/FirstProject Debug/Obj/SEGGER_RTT_Syscalls_SES.o
                0x00401efc                puts
 .text.libc.__putc
                0x00401f14       0x34 C:/Program Files (x86)/SEGGER/SEGGER Embedded Studio for ARM 4.18/lib/libc_v7em_t_le_eabi.a(libc2.o)
                0x00401f14                __putc
 .text.libc.vsnprintf
                0x00401f48       0x1c C:/Program Files (x86)/SEGGER/SEGGER Embedded Studio for ARM 4.18/lib/libc_v7em_t_le_eabi.a(libc2.o)
                0x00401f48                vsnprintf
 .text.libc.memcpy
                0x00401f64       0x52 C:/Program Files (x86)/SEGGER/SEGGER Embedded Studio for ARM 4.18/lib/libc_v7em_t_le_eabi.a(libc2_asm.o)
                0x00401f64                __aeabi_memcpy
                0x00401f64                memcpy
                0x00401f70                __aeabi_memcpy8
                0x00401f70                __aeabi_memcpy4
 .text.libc.strcpy
                0x00401fb6       0x44 C:/Program Files (x86)/SEGGER/SEGGER Embedded Studio for ARM 4.18/lib/libc_v7em_t_le_eabi.a(libc2_asm.o)
                0x00401fb6                strcpy
 .text.libc.strlen
                0x00401ffa       0x60 C:/Program Files (x86)/SEGGER/SEGGER Embedded Studio for ARM 4.18/lib/libc_v7em_t_le_eabi.a(libc2_asm.o)
                0x00401ffa                strlen
 *fill*         0x0040205a        0x2 
 .text.libc.__vfprintf_int_nwp
                0x0040205c      0x4f0 C:/Program Files (x86)/SEGGER/SEGGER Embedded Studio for ARM 4.18/lib/libvfprintf_v7em_t_le_eabi.o
                0x0040205c                __vfprintf_int_nwp
 *(.glue_7t)
 .glue_7t       0x0040254c        0x0 linker stubs
 *(.glue_7)
 .glue_7        0x0040254c        0x0 linker stubs
 *(.rodata .rodata* .gnu.linkonce.r.*)
 .rodata        0x0040254c      0x13f Output/FirstProject Debug/Obj/main.o
 *fill*         0x0040268b        0x1 
 .rodata        0x0040268c       0x17 Output/FirstProject Debug/Obj/SEGGER_RTT.o
 *fill*         0x004026a3        0x1 
 .rodata.libc.__RAL_hex_lc
                0x004026a4       0x10 C:/Program Files (x86)/SEGGER/SEGGER Embedded Studio for ARM 4.18/lib/libc_v7em_t_le_eabi.a(libc2.o)
                0x004026a4                __RAL_hex_lc
 .rodata.libc.__RAL_hex_uc
                0x004026b4       0x10 C:/Program Files (x86)/SEGGER/SEGGER Embedded Studio for ARM 4.18/lib/libc_v7em_t_le_eabi.a(libc2.o)
                0x004026b4                __RAL_hex_uc
 *(.ARM.extab* .gnu.linkonce.armextab.*)
                0x004026c4                . = ALIGN (0x4)
 *(.init)
                0x004026c4                . = ALIGN (0x4)
                0x004026c4                __preinit_array_start = .
 *(.preinit_array)
                0x004026c4                __preinit_array_end = .
                0x004026c4                . = ALIGN (0x4)
                0x004026c4                __init_array_start = .
 *(SORT_BY_NAME(.init_array.*))
 *(.init_array)
                0x004026c4                __init_array_end = .
                0x004026c4                . = ALIGN (0x4)
 *crtbegin.o(.ctors)
 *(EXCLUDE_FILE(*crtend.o) .ctors)
 *(SORT_BY_NAME(.ctors.*))
 *crtend.o(.ctors)
                0x004026c4                . = ALIGN (0x4)
 *(.fini)
                0x004026c4                . = ALIGN (0x4)
                0x004026c4                __fini_array_start = .
 *(.fini_array)
 *(SORT_BY_NAME(.fini_array.*))
                0x004026c4                __fini_array_end = .
 *crtbegin.o(.dtors)
 *(EXCLUDE_FILE(*crtend.o) .dtors)
 *(SORT_BY_NAME(.dtors.*))
 *crtend.o(.dtors)
                0x004026c4                . = ALIGN (0x4)
                0x004026c4                _efixed = .
                [!provide]                PROVIDE (__exidx_start = .)

.vfp11_veneer   0x004026c4        0x0
 .vfp11_veneer  0x004026c4        0x0 linker stubs

.v4_bx          0x004026c4        0x0
 .v4_bx         0x004026c4        0x0 linker stubs

.iplt           0x004026c4        0x0
 .iplt          0x004026c4        0x0 Output/FirstProject Debug/Obj/main.o

.igot.plt       0x004026c4        0x0
 .igot.plt      0x004026c4        0x0 Output/FirstProject Debug/Obj/main.o

.rel.dyn        0x004026c4        0x0
 .rel.iplt      0x004026c4        0x0 Output/FirstProject Debug/Obj/main.o

.ARM.exidx
 *(.ARM.exidx* .gnu.linkonce.armexidx.*)
                [!provide]                PROVIDE (__exidx_end = .)
                0x004026c4                . = ALIGN (0x4)
                0x004026c4                _etext = .

.relocate       0x20400000        0x8 load address 0x004026c4
                0x20400000                . = ALIGN (0x4)
                0x20400000                _srelocate = .
 *(.ramfunc .ramfunc.*)
 *(.data .data.*)
 .data.g_b_led0_active
                0x20400000        0x1 Output/FirstProject Debug/Obj/main.o
                0x20400000                g_b_led0_active
 .data.g_b_led1_active
                0x20400001        0x1 Output/FirstProject Debug/Obj/main.o
                0x20400001                g_b_led1_active
 *fill*         0x20400002        0x2 
 .data.SystemCoreClock
                0x20400004        0x4 Output/FirstProject Debug/Obj/system_samv71.o
                0x20400004                SystemCoreClock
                0x20400008                . = ALIGN (0x4)
                0x20400008                _erelocate = .

.bss            0x20400008      0x504 load address 0x004026cc
                0x20400008                . = ALIGN (0x4)
                0x20400008                _sbss = .
                0x20400008                _szero = .
 *(.bss .bss.*)
 .bss.g_ul_ms_ticks
                0x20400008        0x4 Output/FirstProject Debug/Obj/main.o
                0x20400008                g_ul_ms_ticks
 .bss.gs_interrupt_sources
                0x2040000c       0x70 Output/FirstProject Debug/Obj/pio_handler.o
 .bss.gs_ul_nb_sources
                0x2040007c        0x4 Output/FirstProject Debug/Obj/pio_handler.o
 .bss._SEGGER_RTT
                0x20400080       0x78 Output/FirstProject Debug/Obj/SEGGER_RTT.o
                0x20400080                _SEGGER_RTT
 .bss._acUpBuffer
                0x204000f8      0x400 Output/FirstProject Debug/Obj/SEGGER_RTT.o
 .bss._acDownBuffer
                0x204004f8       0x10 Output/FirstProject Debug/Obj/SEGGER_RTT.o
 .bss.libc.__user_format_extender
                0x20400508        0x4 C:/Program Files (x86)/SEGGER/SEGGER Embedded Studio for ARM 4.18/lib/libc_v7em_t_le_eabi.a(libc2.o)
                0x20400508                __user_format_extender
 *(COMMON)
                0x2040050c                . = ALIGN (0x4)
                0x2040050c                _ebss = .
                0x2040050c                _ezero = .

.stack          0x2040050c     0x2004 load address 0x00402bd0
                0x20400510                . = ALIGN (0x8)
 *fill*         0x2040050c        0x4 
                0x20400510                _sstack = .
                0x20402510                . = (. + STACK_SIZE)
 *fill*         0x20400510     0x2000 
                0x20402510                . = ALIGN (0x8)
                0x20402510                _estack = .

.heap           0x20402510      0x200 load address 0x00404bd4
                0x20402510                . = ALIGN (0x8)
                0x20402510                _sheap = .
                0x20402710                . = (. + HEAP_SIZE)
 *fill*         0x20402510      0x200 
                0x20402710                . = ALIGN (0x8)
                0x20402710                _eheap = .
                0x20402710                . = ALIGN (0x4)
                0x20402710                _end = .
                0x2045ffff                _ram_end_ = ((ORIGIN (ram) + LENGTH (ram)) - 0x1)
START GROUP
LOAD Output/FirstProject Debug/Obj/main.o
LOAD Output/FirstProject Debug/Obj/sysclk.o
LOAD Output/FirstProject Debug/Obj/usart_serial.o
LOAD Output/FirstProject Debug/Obj/interrupt_sam_nvic.o
LOAD Output/FirstProject Debug/Obj/read.o
LOAD Output/FirstProject Debug/Obj/write.o
LOAD Output/FirstProject Debug/Obj/init.o
LOAD Output/FirstProject Debug/Obj/matrix.o
LOAD Output/FirstProject Debug/Obj/mpu.o
LOAD Output/FirstProject Debug/Obj/pio.o
LOAD Output/FirstProject Debug/Obj/pio_handler.o
LOAD Output/FirstProject Debug/Obj/pmc.o
LOAD Output/FirstProject Debug/Obj/sleep.o
LOAD Output/FirstProject Debug/Obj/tc.o
LOAD Output/FirstProject Debug/Obj/uart.o
LOAD Output/FirstProject Debug/Obj/usart.o
LOAD Output/FirstProject Debug/Obj/startup_samv71.o
LOAD Output/FirstProject Debug/Obj/system_samv71.o
LOAD Output/FirstProject Debug/Obj/syscalls.o
LOAD Source/ASF/thirdparty/CMSIS/Lib/GCC/libarm_cortexM7lfsp_math.a
LOAD Source/ASF/thirdparty/CMSIS/Lib/GCC/libarm_cortexM7lfsp_math_softfp.a
LOAD Output/FirstProject Debug/Obj/SEGGER_RTT.o
LOAD Output/FirstProject Debug/Obj/SEGGER_RTT_Syscalls_SES.o
LOAD C:/Program Files (x86)/SEGGER/SEGGER Embedded Studio for ARM 4.18/lib/libdebugio_mempoll_v7em_t_le_eabi.a
LOAD C:/Program Files (x86)/SEGGER/SEGGER Embedded Studio for ARM 4.18/lib/libm_v7em_t_le_eabi.a
LOAD C:/Program Files (x86)/SEGGER/SEGGER Embedded Studio for ARM 4.18/lib/libc_v7em_t_le_eabi.a
LOAD C:/Program Files (x86)/SEGGER/SEGGER Embedded Studio for ARM 4.18/lib/libcpp_v7em_t_le_eabi.a
LOAD C:/Program Files (x86)/SEGGER/SEGGER Embedded Studio for ARM 4.18/lib/libdebugio_v7em_t_le_eabi.a
LOAD C:/Program Files (x86)/SEGGER/SEGGER Embedded Studio for ARM 4.18/lib/libvfprintf_v7em_t_le_eabi.o
LOAD C:/Program Files (x86)/SEGGER/SEGGER Embedded Studio for ARM 4.18/lib/libvfscanf_v7em_t_le_eabi.o
END GROUP
OUTPUT(Output/Debug/Exe/FirstProject.elf elf32-littlearm)

.debug_frame    0x00000000     0x22cc
 .debug_frame   0x00000000      0x2f0 Output/FirstProject Debug/Obj/main.o
 .debug_frame   0x000002f0      0x264 Output/FirstProject Debug/Obj/sysclk.o
 .debug_frame   0x00000554      0x150 Output/FirstProject Debug/Obj/init.o
 .debug_frame   0x000006a4      0x2d0 Output/FirstProject Debug/Obj/matrix.o
 .debug_frame   0x00000974      0x6a8 Output/FirstProject Debug/Obj/pio.o
 .debug_frame   0x0000101c      0x1bc Output/FirstProject Debug/Obj/pio_handler.o
 .debug_frame   0x000011d8      0x7f0 Output/FirstProject Debug/Obj/pmc.o
 .debug_frame   0x000019c8      0x2f0 Output/FirstProject Debug/Obj/tc.o
 .debug_frame   0x00001cb8       0x40 Output/FirstProject Debug/Obj/startup_samv71.o
 .debug_frame   0x00001cf8       0x50 Output/FirstProject Debug/Obj/system_samv71.o
 .debug_frame   0x00001d48      0x4bc Output/FirstProject Debug/Obj/SEGGER_RTT.o
 .debug_frame   0x00002204       0xc8 Output/FirstProject Debug/Obj/SEGGER_RTT_Syscalls_SES.o

.debug_info     0x00000000     0xd6a1
 .debug_info    0x00000000     0x1eb6 Output/FirstProject Debug/Obj/main.o
 .debug_info    0x00001eb6      0xcb5 Output/FirstProject Debug/Obj/sysclk.o
 .debug_info    0x00002b6b     0x1a43 Output/FirstProject Debug/Obj/init.o
 .debug_info    0x000045ae      0xec0 Output/FirstProject Debug/Obj/matrix.o
 .debug_info    0x0000546e     0x175f Output/FirstProject Debug/Obj/pio.o
 .debug_info    0x00006bcd     0x1527 Output/FirstProject Debug/Obj/pio_handler.o
 .debug_info    0x000080f4     0x19c0 Output/FirstProject Debug/Obj/pmc.o
 .debug_info    0x00009ab4      0xead Output/FirstProject Debug/Obj/tc.o
 .debug_info    0x0000a961      0x9e0 Output/FirstProject Debug/Obj/startup_samv71.o
 .debug_info    0x0000b341      0x55b Output/FirstProject Debug/Obj/system_samv71.o
 .debug_info    0x0000b89c     0x14ad Output/FirstProject Debug/Obj/SEGGER_RTT.o
 .debug_info    0x0000cd49      0x958 Output/FirstProject Debug/Obj/SEGGER_RTT_Syscalls_SES.o

.debug_abbrev   0x00000000     0x1e3e
 .debug_abbrev  0x00000000      0x4a4 Output/FirstProject Debug/Obj/main.o
 .debug_abbrev  0x000004a4      0x28b Output/FirstProject Debug/Obj/sysclk.o
 .debug_abbrev  0x0000072f      0x3db Output/FirstProject Debug/Obj/init.o
 .debug_abbrev  0x00000b0a      0x227 Output/FirstProject Debug/Obj/matrix.o
 .debug_abbrev  0x00000d31      0x285 Output/FirstProject Debug/Obj/pio.o
 .debug_abbrev  0x00000fb6      0x2cc Output/FirstProject Debug/Obj/pio_handler.o
 .debug_abbrev  0x00001282      0x2d4 Output/FirstProject Debug/Obj/pmc.o
 .debug_abbrev  0x00001556      0x200 Output/FirstProject Debug/Obj/tc.o
 .debug_abbrev  0x00001756      0x173 Output/FirstProject Debug/Obj/startup_samv71.o
 .debug_abbrev  0x000018c9      0x12a Output/FirstProject Debug/Obj/system_samv71.o
 .debug_abbrev  0x000019f3      0x267 Output/FirstProject Debug/Obj/SEGGER_RTT.o
 .debug_abbrev  0x00001c5a      0x1e4 Output/FirstProject Debug/Obj/SEGGER_RTT_Syscalls_SES.o

.debug_pubnames
                0x00000000     0x2c84
 .debug_pubnames
                0x00000000      0xa42 Output/FirstProject Debug/Obj/main.o
 .debug_pubnames
                0x00000a42      0x26e Output/FirstProject Debug/Obj/sysclk.o
 .debug_pubnames
                0x00000cb0      0x40a Output/FirstProject Debug/Obj/init.o
 .debug_pubnames
                0x000010ba      0x355 Output/FirstProject Debug/Obj/matrix.o
 .debug_pubnames
                0x0000140f      0x64b Output/FirstProject Debug/Obj/pio.o
 .debug_pubnames
                0x00001a5a      0x20c Output/FirstProject Debug/Obj/pio_handler.o
 .debug_pubnames
                0x00001c66      0x8da Output/FirstProject Debug/Obj/pmc.o
 .debug_pubnames
                0x00002540      0x277 Output/FirstProject Debug/Obj/tc.o
 .debug_pubnames
                0x000027b7       0x4a Output/FirstProject Debug/Obj/startup_samv71.o
 .debug_pubnames
                0x00002801       0x65 Output/FirstProject Debug/Obj/system_samv71.o
 .debug_pubnames
                0x00002866      0x3dc Output/FirstProject Debug/Obj/SEGGER_RTT.o
 .debug_pubnames
                0x00002c42       0x42 Output/FirstProject Debug/Obj/SEGGER_RTT_Syscalls_SES.o

.debug_pubtypes
                0x00000000     0x1600
 .debug_pubtypes
                0x00000000      0x304 Output/FirstProject Debug/Obj/main.o
 .debug_pubtypes
                0x00000304      0x1de Output/FirstProject Debug/Obj/sysclk.o
 .debug_pubtypes
                0x000004e2      0x286 Output/FirstProject Debug/Obj/init.o
 .debug_pubtypes
                0x00000768      0x1e9 Output/FirstProject Debug/Obj/matrix.o
 .debug_pubtypes
                0x00000951      0x1e7 Output/FirstProject Debug/Obj/pio.o
 .debug_pubtypes
                0x00000b38      0x209 Output/FirstProject Debug/Obj/pio_handler.o
 .debug_pubtypes
                0x00000d41      0x1d6 Output/FirstProject Debug/Obj/pmc.o
 .debug_pubtypes
                0x00000f17      0x1c1 Output/FirstProject Debug/Obj/tc.o
 .debug_pubtypes
                0x000010d8       0xf6 Output/FirstProject Debug/Obj/startup_samv71.o
 .debug_pubtypes
                0x000011ce       0xd1 Output/FirstProject Debug/Obj/system_samv71.o
 .debug_pubtypes
                0x0000129f      0x178 Output/FirstProject Debug/Obj/SEGGER_RTT.o
 .debug_pubtypes
                0x00001417      0x1e9 Output/FirstProject Debug/Obj/SEGGER_RTT_Syscalls_SES.o

.debug_aranges  0x00000000      0x9a0
 .debug_aranges
                0x00000000       0xc8 Output/FirstProject Debug/Obj/main.o
 .debug_aranges
                0x000000c8       0x98 Output/FirstProject Debug/Obj/sysclk.o
 .debug_aranges
                0x00000160       0x70 Output/FirstProject Debug/Obj/init.o
 .debug_aranges
                0x000001d0       0xc8 Output/FirstProject Debug/Obj/matrix.o
 .debug_aranges
                0x00000298      0x1a8 Output/FirstProject Debug/Obj/pio.o
 .debug_aranges
                0x00000440       0x80 Output/FirstProject Debug/Obj/pio_handler.o
 .debug_aranges
                0x000004c0      0x270 Output/FirstProject Debug/Obj/pmc.o
 .debug_aranges
                0x00000730       0xd0 Output/FirstProject Debug/Obj/tc.o
 .debug_aranges
                0x00000800       0x28 Output/FirstProject Debug/Obj/startup_samv71.o
 .debug_aranges
                0x00000828       0x30 Output/FirstProject Debug/Obj/system_samv71.o
 .debug_aranges
                0x00000858      0x110 Output/FirstProject Debug/Obj/SEGGER_RTT.o
 .debug_aranges
                0x00000968       0x38 Output/FirstProject Debug/Obj/SEGGER_RTT_Syscalls_SES.o

.debug_ranges   0x00000000      0x9e8
 .debug_ranges  0x00000000      0x148 Output/FirstProject Debug/Obj/main.o
 .debug_ranges  0x00000148       0x88 Output/FirstProject Debug/Obj/sysclk.o
 .debug_ranges  0x000001d0       0xd8 Output/FirstProject Debug/Obj/init.o
 .debug_ranges  0x000002a8       0xb8 Output/FirstProject Debug/Obj/matrix.o
 .debug_ranges  0x00000360      0x198 Output/FirstProject Debug/Obj/pio.o
 .debug_ranges  0x000004f8       0x70 Output/FirstProject Debug/Obj/pio_handler.o
 .debug_ranges  0x00000568      0x260 Output/FirstProject Debug/Obj/pmc.o
 .debug_ranges  0x000007c8       0xc0 Output/FirstProject Debug/Obj/tc.o
 .debug_ranges  0x00000888       0x18 Output/FirstProject Debug/Obj/startup_samv71.o
 .debug_ranges  0x000008a0       0x20 Output/FirstProject Debug/Obj/system_samv71.o
 .debug_ranges  0x000008c0      0x100 Output/FirstProject Debug/Obj/SEGGER_RTT.o
 .debug_ranges  0x000009c0       0x28 Output/FirstProject Debug/Obj/SEGGER_RTT_Syscalls_SES.o

.debug_macro    0x00000000    0x1cc6d
 .debug_macro   0x00000000      0x64a Output/FirstProject Debug/Obj/main.o
 .debug_macro   0x0000064a      0xab4 Output/FirstProject Debug/Obj/main.o
 .debug_macro   0x000010fe       0x89 Output/FirstProject Debug/Obj/main.o
 .debug_macro   0x00001187       0x1c Output/FirstProject Debug/Obj/main.o
 .debug_macro   0x000011a3      0x708 Output/FirstProject Debug/Obj/main.o
 .debug_macro   0x000018ab       0x76 Output/FirstProject Debug/Obj/main.o
 .debug_macro   0x00001921       0x16 Output/FirstProject Debug/Obj/main.o
 .debug_macro   0x00001937      0x6da Output/FirstProject Debug/Obj/main.o
 .debug_macro   0x00002011      0x1a3 Output/FirstProject Debug/Obj/main.o
 .debug_macro   0x000021b4       0x51 Output/FirstProject Debug/Obj/main.o
 .debug_macro   0x00002205       0x1c Output/FirstProject Debug/Obj/main.o
 .debug_macro   0x00002221       0x22 Output/FirstProject Debug/Obj/main.o
 .debug_macro   0x00002243       0xdf Output/FirstProject Debug/Obj/main.o
 .debug_macro   0x00002322     0x12cd Output/FirstProject Debug/Obj/main.o
 .debug_macro   0x000035ef      0x11f Output/FirstProject Debug/Obj/main.o
 .debug_macro   0x0000370e       0x19 Output/FirstProject Debug/Obj/main.o
 .debug_macro   0x00003727      0x191 Output/FirstProject Debug/Obj/main.o
 .debug_macro   0x000038b8      0x2ee Output/FirstProject Debug/Obj/main.o
 .debug_macro   0x00003ba6      0xa23 Output/FirstProject Debug/Obj/main.o
 .debug_macro   0x000045c9      0x1b4 Output/FirstProject Debug/Obj/main.o
 .debug_macro   0x0000477d      0x35f Output/FirstProject Debug/Obj/main.o
 .debug_macro   0x00004adc      0x15a Output/FirstProject Debug/Obj/main.o
 .debug_macro   0x00004c36     0x18f9 Output/FirstProject Debug/Obj/main.o
 .debug_macro   0x0000652f       0x1c Output/FirstProject Debug/Obj/main.o
 .debug_macro   0x0000654b      0x6a2 Output/FirstProject Debug/Obj/main.o
 .debug_macro   0x00006bed      0x263 Output/FirstProject Debug/Obj/main.o
 .debug_macro   0x00006e50      0x315 Output/FirstProject Debug/Obj/main.o
 .debug_macro   0x00007165      0x4f0 Output/FirstProject Debug/Obj/main.o
 .debug_macro   0x00007655      0x2c4 Output/FirstProject Debug/Obj/main.o
 .debug_macro   0x00007919     0x1527 Output/FirstProject Debug/Obj/main.o
 .debug_macro   0x00008e40      0x285 Output/FirstProject Debug/Obj/main.o
 .debug_macro   0x000090c5     0x2a40 Output/FirstProject Debug/Obj/main.o
 .debug_macro   0x0000bb05     0x113e Output/FirstProject Debug/Obj/main.o
 .debug_macro   0x0000cc43      0xcdb Output/FirstProject Debug/Obj/main.o
 .debug_macro   0x0000d91e      0x3c6 Output/FirstProject Debug/Obj/main.o
 .debug_macro   0x0000dce4       0xa0 Output/FirstProject Debug/Obj/main.o
 .debug_macro   0x0000dd84       0x76 Output/FirstProject Debug/Obj/main.o
 .debug_macro   0x0000ddfa      0x41e Output/FirstProject Debug/Obj/main.o
 .debug_macro   0x0000e218       0x64 Output/FirstProject Debug/Obj/main.o
 .debug_macro   0x0000e27c      0x299 Output/FirstProject Debug/Obj/main.o
 .debug_macro   0x0000e515      0x201 Output/FirstProject Debug/Obj/main.o
 .debug_macro   0x0000e716      0x264 Output/FirstProject Debug/Obj/main.o
 .debug_macro   0x0000e97a      0x539 Output/FirstProject Debug/Obj/main.o
 .debug_macro   0x0000eeb3      0x650 Output/FirstProject Debug/Obj/main.o
 .debug_macro   0x0000f503      0x6cc Output/FirstProject Debug/Obj/main.o
 .debug_macro   0x0000fbcf       0x64 Output/FirstProject Debug/Obj/main.o
 .debug_macro   0x0000fc33      0x4c4 Output/FirstProject Debug/Obj/main.o
 .debug_macro   0x000100f7      0x237 Output/FirstProject Debug/Obj/main.o
 .debug_macro   0x0001032e      0xa06 Output/FirstProject Debug/Obj/main.o
 .debug_macro   0x00010d34     0x14f3 Output/FirstProject Debug/Obj/main.o
 .debug_macro   0x00012227       0x40 Output/FirstProject Debug/Obj/main.o
 .debug_macro   0x00012267       0x76 Output/FirstProject Debug/Obj/main.o
 .debug_macro   0x000122dd      0xdd1 Output/FirstProject Debug/Obj/main.o
 .debug_macro   0x000130ae       0x88 Output/FirstProject Debug/Obj/main.o
 .debug_macro   0x00013136       0x7c Output/FirstProject Debug/Obj/main.o
 .debug_macro   0x000131b2       0x52 Output/FirstProject Debug/Obj/main.o
 .debug_macro   0x00013204      0x133 Output/FirstProject Debug/Obj/main.o
 .debug_macro   0x00013337      0x133 Output/FirstProject Debug/Obj/main.o
 .debug_macro   0x0001346a      0x133 Output/FirstProject Debug/Obj/main.o
 .debug_macro   0x0001359d       0x76 Output/FirstProject Debug/Obj/main.o
 .debug_macro   0x00013613       0x76 Output/FirstProject Debug/Obj/main.o
 .debug_macro   0x00013689      0x2fe Output/FirstProject Debug/Obj/main.o
 .debug_macro   0x00013987       0xca Output/FirstProject Debug/Obj/main.o
 .debug_macro   0x00013a51       0xca Output/FirstProject Debug/Obj/main.o
 .debug_macro   0x00013b1b       0xca Output/FirstProject Debug/Obj/main.o
 .debug_macro   0x00013be5      0x13b Output/FirstProject Debug/Obj/main.o
 .debug_macro   0x00013d20      0x13b Output/FirstProject Debug/Obj/main.o
 .debug_macro   0x00013e5b      0x2cd Output/FirstProject Debug/Obj/main.o
 .debug_macro   0x00014128       0xbe Output/FirstProject Debug/Obj/main.o
 .debug_macro   0x000141e6       0x64 Output/FirstProject Debug/Obj/main.o
 .debug_macro   0x0001424a       0x46 Output/FirstProject Debug/Obj/main.o
 .debug_macro   0x00014290       0x4c Output/FirstProject Debug/Obj/main.o
 .debug_macro   0x000142dc       0xa6 Output/FirstProject Debug/Obj/main.o
 .debug_macro   0x00014382      0x4b7 Output/FirstProject Debug/Obj/main.o
 .debug_macro   0x00014839      0x133 Output/FirstProject Debug/Obj/main.o
 .debug_macro   0x0001496c       0x52 Output/FirstProject Debug/Obj/main.o
 .debug_macro   0x000149be      0x2fe Output/FirstProject Debug/Obj/main.o
 .debug_macro   0x00014cbc       0x76 Output/FirstProject Debug/Obj/main.o
 .debug_macro   0x00014d32       0xbe Output/FirstProject Debug/Obj/main.o
 .debug_macro   0x00014df0       0x76 Output/FirstProject Debug/Obj/main.o
 .debug_macro   0x00014e66       0x70 Output/FirstProject Debug/Obj/main.o
 .debug_macro   0x00014ed6       0x34 Output/FirstProject Debug/Obj/main.o
 .debug_macro   0x00014f0a      0x9b8 Output/FirstProject Debug/Obj/main.o
 .debug_macro   0x000158c2       0x70 Output/FirstProject Debug/Obj/main.o
 .debug_macro   0x00015932       0x8e Output/FirstProject Debug/Obj/main.o
 .debug_macro   0x000159c0       0x5e Output/FirstProject Debug/Obj/main.o
 .debug_macro   0x00015a1e       0xb8 Output/FirstProject Debug/Obj/main.o
 .debug_macro   0x00015ad6       0x4c Output/FirstProject Debug/Obj/main.o
 .debug_macro   0x00015b22       0x4c Output/FirstProject Debug/Obj/main.o
 .debug_macro   0x00015b6e       0x16 Output/FirstProject Debug/Obj/main.o
 .debug_macro   0x00015b84       0xfa Output/FirstProject Debug/Obj/main.o
 .debug_macro   0x00015c7e       0x52 Output/FirstProject Debug/Obj/main.o
 .debug_macro   0x00015cd0       0x16 Output/FirstProject Debug/Obj/main.o
 .debug_macro   0x00015ce6       0x52 Output/FirstProject Debug/Obj/main.o
 .debug_macro   0x00015d38       0x2e Output/FirstProject Debug/Obj/main.o
 .debug_macro   0x00015d66      0x1b3 Output/FirstProject Debug/Obj/main.o
 .debug_macro   0x00015f19      0x1b3 Output/FirstProject Debug/Obj/main.o
 .debug_macro   0x000160cc      0x1b3 Output/FirstProject Debug/Obj/main.o
 .debug_macro   0x0001627f      0x1b3 Output/FirstProject Debug/Obj/main.o
 .debug_macro   0x00016432      0x1b3 Output/FirstProject Debug/Obj/main.o
 .debug_macro   0x000165e5       0x1c Output/FirstProject Debug/Obj/main.o
 .debug_macro   0x00016601       0x34 Output/FirstProject Debug/Obj/main.o
 .debug_macro   0x00016635       0x22 Output/FirstProject Debug/Obj/main.o
 .debug_macro   0x00016657       0x1c Output/FirstProject Debug/Obj/main.o
 .debug_macro   0x00016673       0x58 Output/FirstProject Debug/Obj/main.o
 .debug_macro   0x000166cb       0x10 Output/FirstProject Debug/Obj/main.o
 .debug_macro   0x000166db       0x1c Output/FirstProject Debug/Obj/main.o
 .debug_macro   0x000166f7       0x52 Output/FirstProject Debug/Obj/main.o
 .debug_macro   0x00016749       0x52 Output/FirstProject Debug/Obj/main.o
 .debug_macro   0x0001679b       0x52 Output/FirstProject Debug/Obj/main.o
 .debug_macro   0x000167ed      0x345 Output/FirstProject Debug/Obj/main.o
 .debug_macro   0x00016b32     0x1073 Output/FirstProject Debug/Obj/main.o
 .debug_macro   0x00017ba5      0x107 Output/FirstProject Debug/Obj/main.o
 .debug_macro   0x00017cac       0x72 Output/FirstProject Debug/Obj/main.o
 .debug_macro   0x00017d1e       0x22 Output/FirstProject Debug/Obj/main.o
 .debug_macro   0x00017d40       0x22 Output/FirstProject Debug/Obj/main.o
 .debug_macro   0x00017d62       0x6c Output/FirstProject Debug/Obj/main.o
 .debug_macro   0x00017dce       0x3e Output/FirstProject Debug/Obj/main.o
 .debug_macro   0x00017e0c      0x3ca Output/FirstProject Debug/Obj/main.o
 .debug_macro   0x000181d6       0x94 Output/FirstProject Debug/Obj/main.o
 .debug_macro   0x0001826a       0x40 Output/FirstProject Debug/Obj/main.o
 .debug_macro   0x000182aa      0x2d8 Output/FirstProject Debug/Obj/main.o
 .debug_macro   0x00018582      0xc89 Output/FirstProject Debug/Obj/main.o
 .debug_macro   0x0001920b       0x3a Output/FirstProject Debug/Obj/main.o
 .debug_macro   0x00019245       0x70 Output/FirstProject Debug/Obj/main.o
 .debug_macro   0x000192b5       0x64 Output/FirstProject Debug/Obj/main.o
 .debug_macro   0x00019319       0x5f Output/FirstProject Debug/Obj/main.o
 .debug_macro   0x00019378       0xac Output/FirstProject Debug/Obj/main.o
 .debug_macro   0x00019424       0x82 Output/FirstProject Debug/Obj/main.o
 .debug_macro   0x000194a6      0x1cf Output/FirstProject Debug/Obj/main.o
 .debug_macro   0x00019675       0x34 Output/FirstProject Debug/Obj/main.o
 .debug_macro   0x000196a9       0x16 Output/FirstProject Debug/Obj/main.o
 .debug_macro   0x000196bf       0x1c Output/FirstProject Debug/Obj/main.o
 .debug_macro   0x000196db       0x1c Output/FirstProject Debug/Obj/main.o
 .debug_macro   0x000196f7       0x2e Output/FirstProject Debug/Obj/main.o
 .debug_macro   0x00019725       0x28 Output/FirstProject Debug/Obj/main.o
 .debug_macro   0x0001974d      0x559 Output/FirstProject Debug/Obj/sysclk.o
 .debug_macro   0x00019ca6      0x2d2 Output/FirstProject Debug/Obj/sysclk.o
 .debug_macro   0x00019f78      0x595 Output/FirstProject Debug/Obj/init.o
 .debug_macro   0x0001a50d       0x16 Output/FirstProject Debug/Obj/init.o
 .debug_macro   0x0001a523      0x4f1 Output/FirstProject Debug/Obj/matrix.o
 .debug_macro   0x0001aa14      0x4fc Output/FirstProject Debug/Obj/pio.o
 .debug_macro   0x0001af10       0x8e Output/FirstProject Debug/Obj/pio.o
 .debug_macro   0x0001af9e      0x506 Output/FirstProject Debug/Obj/pio_handler.o
 .debug_macro   0x0001b4a4      0x4fc Output/FirstProject Debug/Obj/pmc.o
 .debug_macro   0x0001b9a0       0x6a Output/FirstProject Debug/Obj/pmc.o
 .debug_macro   0x0001ba0a      0x508 Output/FirstProject Debug/Obj/tc.o
 .debug_macro   0x0001bf12       0x10 Output/FirstProject Debug/Obj/tc.o
 .debug_macro   0x0001bf22      0x43f Output/FirstProject Debug/Obj/startup_samv71.o
 .debug_macro   0x0001c361      0x451 Output/FirstProject Debug/Obj/system_samv71.o
 .debug_macro   0x0001c7b2       0xac Output/FirstProject Debug/Obj/SEGGER_RTT.o
 .debug_macro   0x0001c85e       0x48 Output/FirstProject Debug/Obj/SEGGER_RTT.o
 .debug_macro   0x0001c8a6       0x2e Output/FirstProject Debug/Obj/SEGGER_RTT.o
 .debug_macro   0x0001c8d4      0x115 Output/FirstProject Debug/Obj/SEGGER_RTT.o
 .debug_macro   0x0001c9e9       0x8a Output/FirstProject Debug/Obj/SEGGER_RTT_Syscalls_SES.o
 .debug_macro   0x0001ca73       0x86 Output/FirstProject Debug/Obj/SEGGER_RTT_Syscalls_SES.o
 .debug_macro   0x0001caf9       0xa6 Output/FirstProject Debug/Obj/SEGGER_RTT_Syscalls_SES.o
 .debug_macro   0x0001cb9f       0xce Output/FirstProject Debug/Obj/SEGGER_RTT_Syscalls_SES.o

.debug_line     0x00000000     0xb446
 .debug_line    0x00000000     0x1af7 Output/FirstProject Debug/Obj/main.o
 .debug_line    0x00001af7     0x1080 Output/FirstProject Debug/Obj/sysclk.o
 .debug_line    0x00002b77     0x133f Output/FirstProject Debug/Obj/init.o
 .debug_line    0x00003eb6      0xe44 Output/FirstProject Debug/Obj/matrix.o
 .debug_line    0x00004cfa     0x12ca Output/FirstProject Debug/Obj/pio.o
 .debug_line    0x00005fc4      0xddb Output/FirstProject Debug/Obj/pio_handler.o
 .debug_line    0x00006d9f     0x1a70 Output/FirstProject Debug/Obj/pmc.o
 .debug_line    0x0000880f      0xe13 Output/FirstProject Debug/Obj/tc.o
 .debug_line    0x00009622      0x8ec Output/FirstProject Debug/Obj/startup_samv71.o
 .debug_line    0x00009f0e      0xa15 Output/FirstProject Debug/Obj/system_samv71.o
 .debug_line    0x0000a923      0x92e Output/FirstProject Debug/Obj/SEGGER_RTT.o
 .debug_line    0x0000b251      0x1f5 Output/FirstProject Debug/Obj/SEGGER_RTT_Syscalls_SES.o

.debug_str      0x00000000    0x90b5e
 .debug_str     0x00000000    0x8c91f Output/FirstProject Debug/Obj/main.o
                              0x8d014 (size before relaxing)
 .debug_str     0x0008c91f      0x33d Output/FirstProject Debug/Obj/sysclk.o
                              0x8ac1e (size before relaxing)
 .debug_str     0x0008cc5c      0x424 Output/FirstProject Debug/Obj/init.o
                              0x8b88e (size before relaxing)
 .debug_str     0x0008d080      0x49d Output/FirstProject Debug/Obj/matrix.o
                              0x8636c (size before relaxing)
 .debug_str     0x0008d51d      0x5f0 Output/FirstProject Debug/Obj/pio.o
                              0x869fe (size before relaxing)
 .debug_str     0x0008db0d      0x157 Output/FirstProject Debug/Obj/pio_handler.o
                              0x86b27 (size before relaxing)
 .debug_str     0x0008dc64      0x871 Output/FirstProject Debug/Obj/pmc.o
                              0x86bca (size before relaxing)
 .debug_str     0x0008e4d5      0x2de Output/FirstProject Debug/Obj/tc.o
                              0x86193 (size before relaxing)
 .debug_str     0x0008e7b3      0x70d Output/FirstProject Debug/Obj/startup_samv71.o
                              0x7977d (size before relaxing)
 .debug_str     0x0008eec0      0x1a0 Output/FirstProject Debug/Obj/system_samv71.o
                              0x7930f (size before relaxing)
 .debug_str     0x0008f060      0xef3 Output/FirstProject Debug/Obj/SEGGER_RTT.o
                               0x432a (size before relaxing)
 .debug_str     0x0008ff53      0xc0b Output/FirstProject Debug/Obj/SEGGER_RTT_Syscalls_SES.o
                               0x4a77 (size before relaxing)

.comment        0x00000000       0x43
 .comment       0x00000000       0x43 Output/FirstProject Debug/Obj/main.o
                                 0x44 (size before relaxing)
 .comment       0x00000043       0x44 Output/FirstProject Debug/Obj/sysclk.o
 .comment       0x00000043       0x44 Output/FirstProject Debug/Obj/init.o
 .comment       0x00000043       0x44 Output/FirstProject Debug/Obj/matrix.o
 .comment       0x00000043       0x44 Output/FirstProject Debug/Obj/pio.o
 .comment       0x00000043       0x44 Output/FirstProject Debug/Obj/pio_handler.o
 .comment       0x00000043       0x44 Output/FirstProject Debug/Obj/pmc.o
 .comment       0x00000043       0x44 Output/FirstProject Debug/Obj/tc.o
 .comment       0x00000043       0x44 Output/FirstProject Debug/Obj/startup_samv71.o
 .comment       0x00000043       0x44 Output/FirstProject Debug/Obj/system_samv71.o
 .comment       0x00000043       0x44 Output/FirstProject Debug/Obj/SEGGER_RTT.o
 .comment       0x00000043       0x44 Output/FirstProject Debug/Obj/SEGGER_RTT_Syscalls_SES.o
 .comment       0x00000043       0x44 C:/Program Files (x86)/SEGGER/SEGGER Embedded Studio for ARM 4.18/lib/libc_v7em_t_le_eabi.a(libc2.o)
 .comment       0x00000043       0x44 C:/Program Files (x86)/SEGGER/SEGGER Embedded Studio for ARM 4.18/lib/libvfprintf_v7em_t_le_eabi.o

.ARM.attributes
                0x00000000       0x31
 .ARM.attributes
                0x00000000       0x33 Output/FirstProject Debug/Obj/main.o
 .ARM.attributes
                0x00000033       0x33 Output/FirstProject Debug/Obj/sysclk.o
 .ARM.attributes
                0x00000066       0x33 Output/FirstProject Debug/Obj/init.o
 .ARM.attributes
                0x00000099       0x33 Output/FirstProject Debug/Obj/matrix.o
 .ARM.attributes
                0x000000cc       0x33 Output/FirstProject Debug/Obj/pio.o
 .ARM.attributes
                0x000000ff       0x33 Output/FirstProject Debug/Obj/pio_handler.o
 .ARM.attributes
                0x00000132       0x33 Output/FirstProject Debug/Obj/pmc.o
 .ARM.attributes
                0x00000165       0x33 Output/FirstProject Debug/Obj/tc.o
 .ARM.attributes
                0x00000198       0x33 Output/FirstProject Debug/Obj/startup_samv71.o
 .ARM.attributes
                0x000001cb       0x33 Output/FirstProject Debug/Obj/system_samv71.o
 .ARM.attributes
                0x000001fe       0x33 Output/FirstProject Debug/Obj/SEGGER_RTT.o
 .ARM.attributes
                0x00000231       0x33 Output/FirstProject Debug/Obj/SEGGER_RTT_Syscalls_SES.o
 .ARM.attributes
                0x00000264       0x2e C:/Program Files (x86)/SEGGER/SEGGER Embedded Studio for ARM 4.18/lib/libc_v7em_t_le_eabi.a(libc2.o)
 .ARM.attributes
                0x00000292       0x1c C:/Program Files (x86)/SEGGER/SEGGER Embedded Studio for ARM 4.18/lib/libc_v7em_t_le_eabi.a(libc2_asm.o)
 .ARM.attributes
                0x000002ae       0x2e C:/Program Files (x86)/SEGGER/SEGGER Embedded Studio for ARM 4.18/lib/libvfprintf_v7em_t_le_eabi.o
